package bytescomparestring

import (
	"bytes"
	"fmt"
)

func singleImportEqual(a, b []byte) bool {
	fmt.Println("compare")
	return bytes.Equal(a, b) // want `string\(a\) == string\(b\) is a \[\]byte comparison written the long way; use bytes\.Equal\(a, b\) for clearer intent`
}

func singleImportNotEqual(a, b []byte) bool {
	fmt.Println("compare")
	return !bytes.Equal(a, b) // want `string\(a\) != string\(b\) is a \[\]byte comparison written the long way; use !bytes\.Equal\(a, b\) for clearer intent`
}
