package writebytestring

import (
	"bytes"
	"io"
	"os"
)

type customWriter struct{}

func (c *customWriter) Write(p []byte) (int, error) { return len(p), nil }

func bad() {
	var buf bytes.Buffer
	s := "hello"
	io.WriteString(&buf, s) // want `buf\.Write\(\[\]byte\(s\)\) can be replaced with io\.WriteString\(&buf, s\) to potentially avoid a \[\]byte allocation if the writer implements io\.StringWriter`

	io.WriteString(&buf, "world") // want `buf\.Write\(\[\]byte\("world"\)\) can be replaced with io\.WriteString\(&buf, "world"\) to potentially avoid a \[\]byte allocation if the writer implements io\.StringWriter`
}

type myString string

func badNamedString() {
	var buf bytes.Buffer
	s := myString("hello")
	io.WriteString(&buf, string(s)) // want `buf\.Write\(\[\]byte\(s\)\) can be replaced with io\.WriteString\(&buf, string\(s\)\) to potentially avoid a \[\]byte allocation if the writer implements io\.StringWriter`
}

func badFile() {
	f, err := os.Create("/tmp/test.txt")
	if err != nil {
		return
	}
	defer f.Close()
	msg := "hello"
	io.WriteString(f, msg) // want `f\.Write\(\[\]byte\(msg\)\) can be replaced with io\.WriteString\(f, msg\) to potentially avoid a \[\]byte allocation if the writer implements io\.StringWriter`
}

func badCustomWriter() {
	w := &customWriter{}
	s := "hello"
	io.WriteString(w, s) // want `w\.Write\(\[\]byte\(s\)\) can be replaced with io\.WriteString\(w, s\) to potentially avoid a \[\]byte allocation if the writer implements io\.StringWriter`
}

func badInterfaceWriter(w io.Writer) {
	s := "hello"
	io.WriteString(w, s) // want `w\.Write\(\[\]byte\(s\)\) can be replaced with io\.WriteString\(w, s\) to potentially avoid a \[\]byte allocation if the writer implements io\.StringWriter`
}

func goodBytes() {
	var buf bytes.Buffer
	b := []byte("hello")
	buf.Write(b) // already []byte — no conversion
}

func goodWriteString() {
	// Using io.WriteString is the idiomatic form.
	var buf bytes.Buffer
	s := "hello"
	buf.WriteString(s)
}

func goodNotString() {
	var buf bytes.Buffer
	n := 42
	buf.Write([]byte{byte(n)})
}

func suppressed() {
	var buf bytes.Buffer
	s := "hello"
	//nolint:writebytestring
	buf.Write([]byte(s))
}
